// Jest Snapshot v1, https://goo.gl/fbAQLP

exports[`snapshots 1`] = `
<div>
  <div
    className="bg-[#3775e8] h-[15rem] flex flex-col gap-3 justify-center items-center"
  >
    <div>
      <span
        className=" text-xl font-semibold italic text-gray-300 "
      >
        Total Exchanges:
          0
      </span>
    </div>
    <div
      className="w-full flex flex-col items-center gap-2"
    >
      <input
        className="w-[80%] rounded-lg px-2 py-2 bg-blue-900 text-white"
        onChange={[Function]}
        placeholder="Search Exchange"
        type="text"
      />
      <form
        className="w-[60%]"
      >
        <select
          className="w-full rounded-md p-1 bg-blue-900 text-white"
          id="countries"
          name="countries"
          onChange={[Function]}
        >
          <option
            value="Select A Country"
          >
            Select A Country
          </option>
          <option
            value="allCountries"
          >
            All Countries
          </option>
          <option
            value="Australia"
          >
            Australia
          </option>
          <option
            value="China"
          >
            China
          </option>
          <option
            value="EU"
          >
            EU
          </option>
          <option
            value="Indonesia"
          >
            Indonesia
          </option>
          <option
            value="Japan"
          >
            Japan
          </option>
          <option
            value="Russia"
          >
            Russia
          </option>
          <option
            value="Seychelles"
          >
            Seychelles
          </option>
          <option
            value="Singapore"
          >
            Singapore
          </option>
          <option
            value="South_Korea"
          >
            South Korea
          </option>
          <option
            value="UK"
          >
            UK
          </option>
          <option
            value="US"
          >
            US
          </option>
          <option
            value="otherCountries"
          >
            Other Countries
          </option>
        </select>
      </form>
    </div>
  </div>
  <div
    className="exchange-container mb-9 "
  />
  <div
    className=" fixed bottom-0 mt-4 w-full bg-[#4369B2] h-9 flex justify-center items-center text-white text-xl"
  >
    <span>
      CryptoPedia Copywrite V-Blaze
    </span>
  </div>
</div>
`;
